  add_flights.cpp
D:\College\Projects\sp_project\skyPort\add_flights.cpp(22,26): warning C4244: '=': conversion from 'double' to 'int', possible loss of data
D:\College\Projects\sp_project\skyPort\add_flights.cpp(23,27): warning C4244: '=': conversion from 'double' to 'int', possible loss of data
D:\College\Projects\sp_project\skyPort\add_flights.cpp(24,30): warning C4244: '=': conversion from 'double' to 'int', possible loss of data
D:\College\Projects\sp_project\skyPort\add_flights.cpp(25,34): warning C4244: '=': conversion from 'double' to 'int', possible loss of data
D:\College\Projects\sp_project\skyPort\add_flights.cpp(38,65): warning C4244: '=': conversion from 'double' to 'int', possible loss of data
D:\College\Projects\sp_project\skyPort\add_flights.cpp(39,73): warning C4244: '=': conversion from 'double' to 'int', possible loss of data
D:\College\Projects\sp_project\skyPort\add_flights.cpp(40,66): warning C4244: '=': conversion from 'double' to 'int', possible loss of data
D:\College\Projects\sp_project\skyPort\add_flights.cpp(41,69): warning C4244: '=': conversion from 'double' to 'int', possible loss of data
  add_new_admin_form.cpp
D:\College\Projects\sp_project\skyPort\add_new_admin_form.cpp(32,19): warning C4244: 'argument': conversion from 'time_t' to 'unsigned int', possible loss of data
  add_plane.cpp
  booking.cpp
D:\College\Projects\sp_project\skyPort\booking.cpp(100,24): warning C4244: '=': conversion from 'double' to 'int', possible loss of data
D:\College\Projects\sp_project\skyPort\booking.cpp(112,24): warning C4244: '=': conversion from 'double' to 'int', possible loss of data
  chatBot.cpp
  chat_list.cpp
  fav_flights.cpp
  flight_result.cpp
  forget_pass.cpp
D:\College\Projects\sp_project\skyPort\forget_pass.cpp(17,15): warning C4244: 'argument': conversion from 'time_t' to 'unsigned int', possible loss of data
D:\College\Projects\sp_project\skyPort\forget_pass.cpp(35,15): warning C4244: 'argument': conversion from 'time_t' to 'unsigned int', possible loss of data
  sign_in.cpp
D:\College\Projects\sp_project\skyPort\sign_in.cpp(25,18): warning C4267: 'initializing': conversion from 'size_t' to 'int', possible loss of data
D:\College\Projects\sp_project\skyPort\sign_in.cpp(55,18): warning C4267: 'initializing': conversion from 'size_t' to 'int', possible loss of data
  download_database.cpp
  hash_function.cpp
  search_planes.cpp
D:\College\Projects\sp_project\skyPort\search_planes.cpp(13,14): warning C4267: 'initializing': conversion from 'size_t' to 'int', possible loss of data
D:\College\Projects\sp_project\skyPort\search_planes.cpp(18,18): warning C4267: 'initializing': conversion from 'size_t' to 'int', possible loss of data
D:\College\Projects\sp_project\skyPort\search_planes.cpp(36,14): warning C4267: 'initializing': conversion from 'size_t' to 'int', possible loss of data
D:\College\Projects\sp_project\skyPort\search_planes.cpp(41,18): warning C4267: 'initializing': conversion from 'size_t' to 'int', possible loss of data
  sign_up_users.cpp
D:\College\Projects\sp_project\skyPort\sign_up_users.cpp(35,13): warning C4244: 'argument': conversion from 'time_t' to 'unsigned int', possible loss of data
  main.cpp
  skyport_array.h
  sort_functions.cpp
  upload_database.cpp
D:\College\Projects\sp_project\skyPort\upload_database.cpp(39,28): warning C4267: '=': conversion from 'size_t' to 'int', possible loss of data
D:\College\Projects\sp_project\skyPort\upload_database.cpp(77,28): warning C4267: '=': conversion from 'size_t' to 'int', possible loss of data
D:\College\Projects\sp_project\skyPort\upload_database.cpp(116,28): warning C4267: '=': conversion from 'size_t' to 'int', possible loss of data
D:\College\Projects\sp_project\skyPort\upload_database.cpp(154,28): warning C4267: '=': conversion from 'size_t' to 'int', possible loss of data
  view_user_tickets.cpp
  .NETFramework,Version=v4.7.2.AssemblyAttributes.cpp
  Generating Code...
  add_flights.obj : MSIL module encountered; incremental linking is disabled for MSIL; performing full link
  skyPort.vcxproj -> D:\College\Projects\sp_project\skyPort\x64\Debug\skyPort.exe
